components/auth/Input.tsx(44,15): error TS2769: No overload matches this call.
  The last overload gave the following error.
    Object literal may only specify known properties, and 'color' does not exist in type 'Partial<unknown> & Attributes'.
components/Home/MatchCard/index.tsx(122,19): error TS2339: Property 'gray' does not exist on type '{ light: { primary: string; background: string; card: string; text: string; border: string; notification: string; icon: string; tabIconDefault: string; tabIconSelected: string; }; dark: { primary: string; ... 7 more ...; tabIconSelected: string; }; ... 19 more ...; socialFacebook: string; }'.
components/MatchCard/index.tsx(122,19): error TS2339: Property 'gray' does not exist on type '{ light: { primary: string; background: string; card: string; text: string; border: string; notification: string; icon: string; tabIconDefault: string; tabIconSelected: string; }; dark: { primary: string; ... 7 more ...; tabIconSelected: string; }; ... 19 more ...; socialFacebook: string; }'.
src/components/auth/Input.tsx(44,15): error TS2769: No overload matches this call.
  The last overload gave the following error.
    Object literal may only specify known properties, and 'color' does not exist in type 'Partial<unknown> & Attributes'.
src/components/Home/MatchCard/index.tsx(122,19): error TS2339: Property 'gray' does not exist on type '{ light: { primary: string; background: string; card: string; text: string; border: string; notification: string; icon: string; tabIconDefault: string; tabIconSelected: string; }; dark: { primary: string; ... 7 more ...; tabIconSelected: string; }; ... 19 more ...; socialFacebook: string; }'.
src/components/MatchCard/index.tsx(122,19): error TS2339: Property 'gray' does not exist on type '{ light: { primary: string; background: string; card: string; text: string; border: string; notification: string; icon: string; tabIconDefault: string; tabIconSelected: string; }; dark: { primary: string; ... 7 more ...; tabIconSelected: string; }; ... 19 more ...; socialFacebook: string; }'.
src/screens/connections/index.tsx(1,31): error TS2307: Cannot find module '@/app/connections/index' or its corresponding type declarations.
