[INFO] Scanning for projects...
[INFO] 
[INFO] -----------------------< com.example:ShubhVivah >-----------------------
[INFO] Building ShubhVivah 0.0.1-SNAPSHOT
[INFO]   from pom.xml
[INFO] --------------------------------[ jar ]---------------------------------
[INFO] 
[INFO] >>> spring-boot:3.4.2:run (default-cli) > test-compile @ ShubhVivah >>>
[INFO] 
[INFO] --- resources:3.3.1:resources (default-resources) @ ShubhVivah ---
[INFO] Copying 1 resource from src\main\resources to target\classes
[INFO] Copying 5 resources from src\main\resources to target\classes
[INFO] 
[INFO] --- kotlin:2.2.20:compile (compile) @ ShubhVivah ---
[INFO] No sources to compile
[INFO] 
[INFO] --- compiler:3.13.0:compile (compile) @ ShubhVivah ---
[INFO] Nothing to compile - all classes are up to date.
[INFO] 
[INFO] --- resources:3.3.1:testResources (default-testResources) @ ShubhVivah ---
[INFO] skip non existing resourceDirectory C:\Users\rishi\OneDrive\Desktop\demo-App\Shubh-vivah-app\backend\OneDrive\Desktop\ShubhVivah-User-Application\src\test\resources
[INFO] 
[INFO] --- kotlin:2.2.20:test-compile (test-compile) @ ShubhVivah ---
[INFO] No sources to compile
[INFO] 
[INFO] --- compiler:3.13.0:testCompile (testCompile) @ ShubhVivah ---
[INFO] Nothing to compile - all classes are up to date.
[INFO] 
[INFO] <<< spring-boot:3.4.2:run (default-cli) < test-compile @ ShubhVivah <<<
[INFO] 
[INFO] 
[INFO] --- spring-boot:3.4.2:run (default-cli) @ ShubhVivah ---
[INFO] Attaching agents: []
Standard Commons Logging discovery in action with spring-jcl: please remove commons-logging.jar from classpath in order to avoid potential conflicts
Standard Commons Logging discovery in action with spring-jcl: please remove commons-logging.jar from classpath in order to avoid potential conflicts

  .   ____          _            __ _ _
 /\\ / ___'_ __ _ _(_)_ __  __ _ \ \ \ \
( ( )\___ | '_ | '_| | '_ \/ _` | \ \ \ \
 \\/  ___)| |_)| | | | | || (_| |  ) ) ) )
  '  |____| .__|_| |_|_| |_\__, | / / / /
 =========|_|==============|___/=/_/_/_/

 :: Spring Boot ::                (v3.4.2)

2026-03-18T14:06:22.308+05:30  INFO 6984 --- [ShubhVivah] [  restartedMain] c.e.shubhvivah.ShubhVivahApplication     : Starting ShubhVivahApplication using Java 17.0.17 with PID 6984 (C:\Users\rishi\OneDrive\Desktop\demo-App\Shubh-vivah-app\backend\OneDrive\Desktop\ShubhVivah-User-Application\target\classes started by rishi in C:\Users\rishi\OneDrive\Desktop\demo-App\Shubh-vivah-app\backend\OneDrive\Desktop\ShubhVivah-User-Application)
2026-03-18T14:06:22.310+05:30 DEBUG 6984 --- [ShubhVivah] [  restartedMain] c.e.shubhvivah.ShubhVivahApplication     : Running with Spring Boot v3.4.2, Spring v6.2.2
2026-03-18T14:06:22.310+05:30  INFO 6984 --- [ShubhVivah] [  restartedMain] c.e.shubhvivah.ShubhVivahApplication     : No active profile set, falling back to 1 default profile: "default"
2026-03-18T14:06:22.346+05:30  INFO 6984 --- [ShubhVivah] [  restartedMain] .e.DevToolsPropertyDefaultsPostProcessor : Devtools property defaults active! Set 'spring.devtools.add-properties' to 'false' to disable
2026-03-18T14:06:22.346+05:30  INFO 6984 --- [ShubhVivah] [  restartedMain] .e.DevToolsPropertyDefaultsPostProcessor : For additional web related logging consider setting the 'logging.level.web' property to 'DEBUG'
2026-03-18T14:06:22.981+05:30  INFO 6984 --- [ShubhVivah] [  restartedMain] .s.d.r.c.RepositoryConfigurationDelegate : Bootstrapping Spring Data JPA repositories in DEFAULT mode.
2026-03-18T14:06:23.085+05:30  INFO 6984 --- [ShubhVivah] [  restartedMain] .s.d.r.c.RepositoryConfigurationDelegate : Finished Spring Data repository scanning in 97 ms. Found 18 JPA repository interfaces.
2026-03-18T14:06:23.635+05:30  INFO 6984 --- [ShubhVivah] [  restartedMain] o.s.b.w.embedded.tomcat.TomcatWebServer  : Tomcat initialized with port 8085 (http)
2026-03-18T14:06:23.645+05:30  INFO 6984 --- [ShubhVivah] [  restartedMain] o.apache.catalina.core.StandardService   : Starting service [Tomcat]
2026-03-18T14:06:23.645+05:30  INFO 6984 --- [ShubhVivah] [  restartedMain] o.apache.catalina.core.StandardEngine    : Starting Servlet engine: [Apache Tomcat/10.1.34]
2026-03-18T14:06:23.687+05:30  INFO 6984 --- [ShubhVivah] [  restartedMain] o.a.c.c.C.[Tomcat].[localhost].[/]       : Initializing Spring embedded WebApplicationContext
2026-03-18T14:06:23.688+05:30  INFO 6984 --- [ShubhVivah] [  restartedMain] w.s.c.ServletWebServerApplicationContext : Root WebApplicationContext: initialization completed in 1340 ms
Standard Commons Logging discovery in action with spring-jcl: please remove commons-logging.jar from classpath in order to avoid potential conflicts
2026-03-18T14:06:23.729+05:30 DEBUG 6984 --- [ShubhVivah] [  restartedMain] c.example.shubhvivah.config.JwtFilter    : Filter 'jwtFilter' configured for use
2026-03-18T14:06:23.878+05:30  INFO 6984 --- [ShubhVivah] [  restartedMain] com.zaxxer.hikari.HikariDataSource       : HikariPool-1 - Starting...
2026-03-18T14:06:24.015+05:30  INFO 6984 --- [ShubhVivah] [  restartedMain] com.zaxxer.hikari.pool.HikariPool        : HikariPool-1 - Added connection org.postgresql.jdbc.PgConnection@5ca98bbe
2026-03-18T14:06:24.015+05:30  INFO 6984 --- [ShubhVivah] [  restartedMain] com.zaxxer.hikari.HikariDataSource       : HikariPool-1 - Start completed.
2026-03-18T14:06:24.045+05:30  INFO 6984 --- [ShubhVivah] [  restartedMain] org.flywaydb.core.FlywayExecutor         : Database: jdbc:postgresql://localhost:5432/shubhvivah_db (PostgreSQL 17.7)
2026-03-18T14:06:24.072+05:30  INFO 6984 --- [ShubhVivah] [  restartedMain] o.f.c.i.s.JdbcTableSchemaHistory         : Schema history table "public"."flyway_schema_history" does not exist yet
2026-03-18T14:06:24.074+05:30  INFO 6984 --- [ShubhVivah] [  restartedMain] o.f.core.internal.command.DbValidate     : Successfully validated 1 migration (execution time 00:00.012s)
2026-03-18T14:06:24.088+05:30  INFO 6984 --- [ShubhVivah] [  restartedMain] o.f.c.i.s.JdbcTableSchemaHistory         : Creating Schema History table "public"."flyway_schema_history" with baseline ...
2026-03-18T14:06:24.134+05:30  INFO 6984 --- [ShubhVivah] [  restartedMain] o.f.core.internal.command.DbBaseline     : Successfully baselined schema with version: 1
2026-03-18T14:06:24.287+05:30  INFO 6984 --- [ShubhVivah] [  restartedMain] o.f.core.internal.command.DbMigrate      : Current version of schema "public": 1
2026-03-18T14:06:24.290+05:30  INFO 6984 --- [ShubhVivah] [  restartedMain] o.f.core.internal.command.DbMigrate      : Schema "public" is up to date. No migration necessary.
2026-03-18T14:06:24.388+05:30  INFO 6984 --- [ShubhVivah] [  restartedMain] o.hibernate.jpa.internal.util.LogHelper  : HHH000204: Processing PersistenceUnitInfo [name: default]
2026-03-18T14:06:24.464+05:30  INFO 6984 --- [ShubhVivah] [  restartedMain] org.hibernate.Version                    : HHH000412: Hibernate ORM core version 6.6.5.Final
2026-03-18T14:06:24.501+05:30  INFO 6984 --- [ShubhVivah] [  restartedMain] o.h.c.internal.RegionFactoryInitiator    : HHH000026: Second-level cache disabled
2026-03-18T14:06:24.765+05:30  INFO 6984 --- [ShubhVivah] [  restartedMain] o.s.o.j.p.SpringPersistenceUnitInfo      : No LoadTimeWeaver setup: ignoring JPA class transformer
2026-03-18T14:06:24.825+05:30  WARN 6984 --- [ShubhVivah] [  restartedMain] org.hibernate.orm.deprecation            : HHH90000025: PostgreSQLDialect does not need to be specified explicitly using 'hibernate.dialect' (remove the property setting and it will be selected by default)
2026-03-18T14:06:24.837+05:30  INFO 6984 --- [ShubhVivah] [  restartedMain] org.hibernate.orm.connections.pooling    : HHH10001005: Database info:
	Database JDBC URL [Connecting through datasource 'HikariDataSource (HikariPool-1)']
	Database driver: undefined/unknown
	Database version: 17.7
	Autocommit mode: undefined/unknown
	Isolation level: undefined/unknown
	Minimum pool size: undefined/unknown
	Maximum pool size: undefined/unknown
2026-03-18T14:06:25.879+05:30  INFO 6984 --- [ShubhVivah] [  restartedMain] o.h.e.t.j.p.i.JtaPlatformInitiator       : HHH000489: No JTA platform available (set 'hibernate.transaction.jta.platform' to enable JTA platform integration)
2026-03-18T14:06:25.924+05:30  INFO 6984 --- [ShubhVivah] [  restartedMain] j.LocalContainerEntityManagerFactoryBean : Initialized JPA EntityManagerFactory for persistence unit 'default'
2026-03-18T14:06:26.275+05:30  INFO 6984 --- [ShubhVivah] [  restartedMain] o.s.d.j.r.query.QueryEnhancerFactory     : Hibernate is in classpath; If applicable, HQL parser will be used.
2026-03-18T14:06:27.738+05:30  WARN 6984 --- [ShubhVivah] [  restartedMain] .s.s.UserDetailsServiceAutoConfiguration : 

Using generated security password: 53ea3694-997c-4f7d-b935-340fbe1533aa

This generated password is for development use only. Your security configuration must be updated before running your application in production.

2026-03-18T14:06:27.745+05:30  INFO 6984 --- [ShubhVivah] [  restartedMain] r$InitializeUserDetailsManagerConfigurer : Global AuthenticationManager configured with UserDetailsService bean with name inMemoryUserDetailsManager
2026-03-18T14:06:28.190+05:30  INFO 6984 --- [ShubhVivah] [  restartedMain] o.s.b.a.h2.H2ConsoleAutoConfiguration    : H2 console available at '/h2-console'. Database available at 'jdbc:postgresql://localhost:5432/shubhvivah_db'
2026-03-18T14:06:28.287+05:30  INFO 6984 --- [ShubhVivah] [  restartedMain] o.s.b.d.a.OptionalLiveReloadServer       : LiveReload server is running on port 35729
2026-03-18T14:06:28.305+05:30  INFO 6984 --- [ShubhVivah] [  restartedMain] o.s.m.s.b.SimpleBrokerMessageHandler     : Starting...
2026-03-18T14:06:28.306+05:30  INFO 6984 --- [ShubhVivah] [  restartedMain] o.s.m.s.b.SimpleBrokerMessageHandler     : BrokerAvailabilityEvent[available=true, SimpleBrokerMessageHandler [org.springframework.messaging.simp.broker.DefaultSubscriptionRegistry@1a07c76e]]
2026-03-18T14:06:28.306+05:30  INFO 6984 --- [ShubhVivah] [  restartedMain] o.s.m.s.b.SimpleBrokerMessageHandler     : Started.
2026-03-18T14:06:28.333+05:30  INFO 6984 --- [ShubhVivah] [  restartedMain] o.s.b.w.embedded.tomcat.TomcatWebServer  : Tomcat started on port 8085 (http) with context path '/'
2026-03-18T14:06:28.341+05:30  INFO 6984 --- [ShubhVivah] [  restartedMain] c.e.shubhvivah.ShubhVivahApplication     : Started ShubhVivahApplication in 6.363 seconds (process running for 6.703)
2026-03-18T14:06:28.351+05:30  INFO 6984 --- [ShubhVivah] [  restartedMain] c.e.shubhvivah.util.DatabaseCleanupTask  : Starting Database Cleanup Task...
2026-03-18T14:06:28.356+05:30  INFO 6984 --- [ShubhVivah] [  restartedMain] c.e.shubhvivah.util.DatabaseCleanupTask  : No mock or unverified users found. Cleanup skipped.
2026-03-18T14:07:28.319+05:30  INFO 6984 --- [ShubhVivah] [MessageBroker-1] o.s.w.s.c.WebSocketMessageBrokerStats    : WebSocketSession[0 current WS(0)-HttpStream(0)-HttpPoll(0), 0 total, 0 closed abnormally (0 connect failure, 0 send limit, 0 transport error)], stompSubProtocol[processed CONNECT(0)-CONNECTED(0)-DISCONNECT(0)], stompBrokerRelay[null], inboundChannel[pool size = 0, active threads = 0, queued tasks = 0, completed tasks = 0], outboundChannel[pool size = 0, active threads = 0, queued tasks = 0, completed tasks = 0], sockJsScheduler[pool size = 1, active threads = 1, queued tasks = 0, completed tasks = 0]
2026-03-18T14:10:54.373+05:30  INFO 6984 --- [ShubhVivah] [ionShutdownHook] o.s.b.w.e.tomcat.GracefulShutdown        : Commencing graceful shutdown. Waiting for active requests to complete
2026-03-18T14:10:54.602+05:30  INFO 6984 --- [ShubhVivah] [tomcat-shutdown] o.s.b.w.e.tomcat.GracefulShutdown        : Graceful shutdown complete
2026-03-18T14:10:54.605+05:30  INFO 6984 --- [ShubhVivah] [ionShutdownHook] o.s.m.s.b.SimpleBrokerMessageHandler     : Stopping...
2026-03-18T14:10:54.606+05:30  INFO 6984 --- [ShubhVivah] [ionShutdownHook] o.s.m.s.b.SimpleBrokerMessageHandler     : BrokerAvailabilityEvent[available=false, SimpleBrokerMessageHandler [org.springframework.messaging.simp.broker.DefaultSubscriptionRegistry@1a07c76e]]
2026-03-18T14:10:54.606+05:30  INFO 6984 --- [ShubhVivah] [ionShutdownHook] o.s.m.s.b.SimpleBrokerMessageHandler     : Stopped.
2026-03-18T14:10:54.612+05:30  INFO 6984 --- [ShubhVivah] [ionShutdownHook] j.LocalContainerEntityManagerFactoryBean : Closing JPA EntityManagerFactory for persistence unit 'default'
2026-03-18T14:10:54.627+05:30  INFO 6984 --- [ShubhVivah] [ionShutdownHook] com.zaxxer.hikari.HikariDataSource       : HikariPool-1 - Shutdown initiated...
2026-03-18T14:10:54.632+05:30  INFO 6984 --- [ShubhVivah] [ionShutdownHook] com.zaxxer.hikari.HikariDataSource       : HikariPool-1 - Shutdown completed.
[INFO] ------------------------------------------------------------------------
[INFO] BUILD SUCCESS
[INFO] ------------------------------------------------------------------------
[INFO] Total time:  04:35 min
[INFO] Finished at: 2026-03-18T14:10:55+05:30
[INFO] ------------------------------------------------------------------------
Terminate batch job (Y/N)? 
